âœ” des-ingestion-design uses generic Phase 8 artifact paths and step names (1.641ms)
âœ” ingestion specification template and checklist cover generic required sections (0.529ms)
âœ– ingestion design step files enforce ingestion controls and strategic focus (2.5114ms)
â„¹ tests 3
â„¹ suites 0
â„¹ pass 2
â„¹ fail 1
â„¹ cancelled 0
â„¹ skipped 0
â„¹ todo 0
â„¹ duration_ms 75.0359

âœ– failing tests:

test at test\ingestion-design-generic.test.js:92:1
âœ– ingestion design step files enforce ingestion controls and strategic focus (2.5114ms)
  AssertionError [ERR_ASSERTION]: The input did not match the regular expression /design detailed Bronze/i. Input:
  
  '# Step 01 â€” Context and Readiness\n' +
    '\n' +
    '## Goal\n' +
    '\n' +
    'Confirm that Ingestion Design is the correct next step and that upstream architecture, source, product, requirement, and domain context is available.\n' +
    '\n' +
    '## Required Inputs\n' +
    '\n' +
    'Look for:\n' +
    '\n' +
    '- `.agents/des-skill/output/01-business-discovery-brief.md`;\n' +
    '- `.agents/des-skill/output/02-business-question-catalog.md`;\n' +
    '- `.agents/des-skill/output/03-requirements-and-kpi-catalog.md`;\n' +
    '- `.agents/des-skill/output/04-data-product-specification.md`;\n' +
    '- `.agents/des-skill/output/05-data-source-inventory.md`;\n' +
    '- `.agents/des-skill/output/06-conceptual-domain-model.md`;\n' +
    '- `.agents/des-skill/output/07-architecture-decision-record.md`;\n' +
    '- workflow status file;\n' +
    '- P1/P2 source inventory;\n' +
    '- source access status;\n' +
    '- source generation patterns;\n' +
    '- source update frequency and freshness;\n' +
    '- source schema and drift risks;\n' +
    '- source security/privacy classification;\n' +
    '- source reliability, cost, quota, and rate-limit risks;\n' +
    '- approved architecture layer strategy;\n' +
    '- approved batch/streaming/event strategy;\n' +
    '- product freshness/SLA expectations;\n' +
    '- quality/trust expectations.\n' +
    '\n' +
    '## Actions\n' +
    '\n' +
    '1. Read `customize.toml`.\n' +
    '2. Check whether required upstream artifacts exist.\n' +
    '3. Read or summarize:\n' +
    '   - Business Discovery Brief;\n' +
    '   - Business Question Catalog;\n' +
    '   - Requirements and KPI Catalog;\n' +
    '   - Data Product Specification;\n' +
    '   - Data Source Inventory;\n' +
    '   - Conceptual Domain Model;\n' +
    '   - Architecture Decision Record.\n' +
    '4. Extract:\n' +
    '   - sources required for P1/P2 outputs;\n' +
    '   - source types and generation patterns;\n' +
    '   - source access and permission status;\n' +
    '   - source freshness and reliability expectations;\n' +
    '   - source schema drift behavior;\n' +
    '   - source security/privacy classification;\n' +
    '   - approved architecture constraints;\n' +
    '   - batch/streaming/event direction;\n' +
    '   - layer strategy;\n' +
    '   - environment strategy;\n' +
    '   - cost/team constraints;\n' +
    '   - open questions.\n' +
    '5. Check whether existing `08-ingestion-specification.md` exists.\n' +
    '6. Decide whether to create a new ingestion specification, update an existing one, continue as Draft, or route back to an upstream phase.\n' +
    '\n' +
    '## Hints\n' +
    '\n' +
    '- Ingestion design should be source-specific.\n' +
    '- Do not design one generic ingestion pattern for all sources unless the sources truly share the same behavior.\n' +
    '- Treat architecture decisions as constraints, not suggestions.\n' +
    '- Treat source inventory risk ratings as input to ingestion design.\n' +
    '- If source access is blocked or unknown, do not mark ingestion as ready.\n' +
    '- If source freshness is best-effort, downstream SLA must account for that.\n' +
    '- If source schema change behavior is unknown, schema drift must be treated as a risk.\n' +
    '- If the source is manual or file-based, assess delivery reliability and naming conventions later.\n' +
    '- If the source is API-based, assess authentication, pagination, rate limit, retry, and response schema later.\n' +
    '- If the source is database-based, assess read impact, CDC feasibility, and extraction consistency later.\n' +
    '- If the source is streaming/event-based, assess ordering, replay, retention, and delivery guarantees later.\n' +
    '\n' +
    '## Ingestion Readiness Lens\n' +
    '\n' +
    'Use this lens before designing:\n' +
    '\n' +
    '| Area | Readiness Question |\n' +
    '| --- | --- |\n' +
    '| Source | Which approved source is being ingested? |\n' +
    '| Need | Which product output, requirement, or KPI needs this data? |\n' +
    '| Access | Is access approved and technically possible? |\n' +
    '| Pattern | Is the data batch, streaming, event, snapshot, CDC, file, API, or manual? |\n' +
    '| Frequency | How often must data be ingested to satisfy downstream needs? |\n' +
    '| Incremental | How will new or changed data be identified? |\n' +
    '| Idempotency | Can the ingestion be safely rerun? |\n' +
    '| Replay | Can historical data be replayed or backfilled? |\n' +
    '| Failure | What happens when ingestion fails? |\n' +
    '| Drift | What happens when source schema changes? |\n' +
    '| Security | How are credentials and sensitive fields handled? |\n' +
    '| Evidence | What metadata proves ingestion happened correctly? |\n' +
    '\n' +
    '## HALT - Readiness Check Failed\n' +
    '\n' +
    'Stop if upstream architecture, domain, or source context is missing or too weak to design ingestion safely.\n' +
    '\n' +
    '### Trigger\n' +
    '\n' +
    'Use this HALT if:\n' +
    '\n' +
    '- `07-architecture-decision-record.md` is missing;\n' +
    '- source inventory is missing;\n' +
    '- P1 sources have unknown access status;\n' +
    '- architecture layer strategy is unclear;\n' +
    '- batch/streaming/event strategy is unclear;\n' +
    '- source freshness or product SLA expectations conflict;\n' +
    '- source security/privacy classification is unknown for P1 sources.\n' +
    '\n' +
    '### Decision needed\n' +
    '\n' +
    'How should the agent proceed?\n' +
    '\n' +
    '### Options\n' +
    '\n' +
    'A. Route back to `des-architecture-design`  \n' +
    'B. Route back to `des-data-source-assessment`  \n' +
    'C. Continue Phase 8 as Draft using current context  \n' +
    'D. User provides missing ingestion context now  \n' +
    'E. Stop workflow  \n' +
    '\n' +
    '### Recommendation\n' +
    '\n' +
    'Choose A if architecture direction is missing.  \n' +
    'Choose B if source access, source type, or source risk is missing.  \n' +
    'Choose C only if the user accepts that ingestion design remains Draft.\n' +
    '\n' +
    '### Required response\n' +
    '\n' +
    'Choose A/B/C/D/E.\n' +
    '\n' +
    '## HALT - Source Access Status\n' +
    '\n' +
    'Stop if a P1 source has unknown, pending, denied, or untested access.\n' +
    '\n' +
    '### Decision needed\n' +
    '\n' +
    'How should ingestion design proceed for this source?\n' +
    '\n' +
    '### Options\n' +
    '\n' +
    'A. Continue only as Draft until access is approved and tested  \n' +
    'B. Design ingestion assuming access will be approved, mark risk  \n' +
    'C. Replace source or route back to source assessment  \n' +
    'D. Defer this source from first release  \n' +
    'E. Stop workflow until access is resolved  \n' +
    '\n' +
    '### Required response\n' +
    '\n' +
    'Choose A/B/C/D/E.\n' +
    '\n' +
    '## Completion Criteria\n' +
    '\n' +
    'This step is complete when:\n' +
    '\n' +
    '- upstream artifacts are available or Draft continuation is approved;\n' +
    '- P1/P2 sources are identified;\n' +
    '- access status and architecture constraints are known or marked as blockers;\n' +
    '- Ingestion context gaps are documented;\n' +
    '- the agent knows whether to create, update, or defer the ingestion specification.\n' +
    '\n' +
    '## Next Step\n' +
    '\n' +
    'After completion, load only:\n' +
    '\n' +
    '```text\n' +
    'steps/step-02-ingestion-patterns-and-controls.md\n' +
    '```\n' +
    '\n' +
    '# Step 02 â€” Ingestion Patterns and Controls\n' +
    '\n' +
    '## Goal\n' +
    '\n' +
    'Define ingestion pattern, frequency, extraction method, incremental/checkpoint/idempotency logic, replay/backfill, schema drift, error handling, security, and evidence expectations for each in-scope source.\n' +
    '\n' +
    '## Required Inputs\n' +
    '\n' +
    '- Confirmed context from Step 01\n' +
    '- Data Source Inventory\n' +
    '- Architecture Decision Record\n' +
    '- Data Product Specification\n' +
    '- Requirements and KPI Catalog\n' +
    '- Conceptual Domain Model\n' +
    '- User answers from HALT points\n' +
    '- Source documentation, samples, API docs, schemas, contracts, or owner notes if available\n' +
    '\n' +
    '## Actions\n' +
    '\n' +
    '1. Define Ingestion Scope and non-scope.\n' +
    '2. Map each P1/P2 source to ingestion design.\n' +
    '3. Classify data as bounded or unbounded.\n' +
    '4. Choose Ingestion Pattern per source.\n' +
    '5. Choose batch, streaming, event, or hybrid behavior per source.\n' +
    '6. Define frequency and trigger.\n' +
    '7. Define access and extraction method.\n' +
    '8. Define incremental/checkpoint strategy.\n' +
    '9. Define idempotency strategy.\n' +
    '10. Define replay and backfill behavior.\n' +
    '11. Define late-arriving data handling.\n' +
    '12. Define ordering and deduplication expectations.\n' +
    '13. Define payload and serialization expectations.\n' +
    '14. Define schema drift/evolution policy.\n' +
    '15. Define error handling, quarantine, and dead-letter expectations.\n' +
    '16. Define security and credential handling.\n' +
    '17. Define source impact, rate-limit, quota, and throttling strategy.\n' +
    '18. Define landing target expectations at high level.\n' +
    '19. Define Ingestion Metadata expectations.\n' +
    '20. Use HALT checkpoints for unresolved decisions.\n' +
    '\n' +
    '## Hints\n' +
    '\n' +
    '- Full refresh is simple but can be expensive or destructive.\n' +
    '- Incremental Ingestion needs a reliable change indicator.\n' +
    '- CDC is powerful but requires source support, permissions, and operational care.\n' +
    '- API Ingestion often needs pagination, retries, rate limits, authentication, and response schema handling.\n' +
    '- File Ingestion often needs naming convention, delivery contract, encoding, format, and duplicate file handling.\n' +
    '- Streaming Ingestion often needs ordering, replay, retention, delivery guarantee, buffering, and dead-letter handling.\n' +
    '- Manual reference data needs owner, validation, audit trail, and change process.\n' +
    '- Idempotency should be designed before implementation.\n' +
    '- Replay/backfill is not the same as retry.\n' +
    '- Do not choose streaming only to look modern.\n' +
    '- Do not design Bronze table schema here; only state landing expectations and required metadata.\n' +
    '\n' +
    '## Ingestion Pattern Types\n' +
    '\n' +
    'Use these pattern labels:\n' +
    '\n' +
    '| Pattern | When It Fits |\n' +
    '| --- | --- |\n' +
    '| Full snapshot | Small or moderate source, no reliable incremental marker, acceptable overwrite/reload |\n' +
    '| Differential batch | Source provides changed records or date-window extraction |\n' +
    '| Append-only batch | Source creates immutable appended records |\n' +
    '| CDC/log-based | Source supports change logs and downstream needs inserts/updates/deletes |\n' +
    '| API scheduled pull | Data is fetched from API at fixed interval |\n' +
    '| API polling | Data is polled for changes repeatedly |\n' +
    '| Webhook/push | Source pushes events to endpoint |\n' +
    '| File drop | Source delivers files to landing location |\n' +
    '| Managed connector | Managed service handles extraction |\n' +
    '| Stream/message ingestion | Source emits continuous events/messages |\n' +
    '| Data sharing ingestion | Data is shared through platform/partner mechanism |\n' +
    '| Manual/reference ingestion | Human-maintained reference data |\n' +
    '| One-time migration | Historical or migration-only load |\n' +
    '\n' +
    '## Ingestion Control Standards\n' +
    '\n' +
    'Each P1 ingestion design must define:\n' +
    '\n' +
    '| Control | Required? |\n' +
    '| --- | --- |\n' +
    '| Source ID | Required |\n' +
    '| Pattern | Required |\n' +
    '| Frequency/trigger | Required |\n' +
    '| Access method | Required |\n' +
    '| Incremental/checkpoint logic | Required or marked not applicable |\n' +
    '| Idempotency | Required |\n' +
    '| Replay/backfill | Required |\n' +
    '| Schema drift policy | Required |\n' +
    '| Error handling | Required |\n' +
    '| Security/credential handling | Required |\n' +
    '| Metadata/evidence | Required |\n' +
    '| Status | Required |\n' +
    '\n' +
    'Allowed statuses:\n' +
    '\n' +
    '```text\n' +
    'Draft | Approved | Risk | Blocked | Deferred\n' +
    '```\n' +
    '\n' +
    '## Decision Area 1 - Ingestion Pattern Selection\n' +
    '\n' +
    'Evaluate and approve '... 13482 more characters
  
      at TestContext.<anonymous> (C:\Users\dksan\Code\data-engineer\data-engineering-superpowers\test\ingestion-design-generic.test.js:115:10)
      at Test.runInAsyncScope (node:async_hooks:227:14)
      at Test.run (node:internal/test_runner/test:1201:25)
      at Test.processPendingSubtests (node:internal/test_runner/test:831:18)
      at Test.postRun (node:internal/test_runner/test:1330:19)
      at Test.run (node:internal/test_runner/test:1258:12)
      at async Test.processPendingSubtests (node:internal/test_runner/test:831:7) {
    generatedMessage: true,
    code: 'ERR_ASSERTION',
    actual: '# Step 01 â€” Context and Readiness\n\n## Goal\n\nConfirm that Ingestion Design is the correct next step and that upstream architecture, source, product, requirement, and domain context is available.\n\n## Required Inputs\n\nLook for:\n\n- `.agents/des-skill/output/01-business-discovery-brief.md`;\n- `.agents/des-skill/output/02-business-question-catalog.md`;\n- `.agents/des-skill/output/03-requirements-and-kpi-catalog.md`;\n- `.agents/des-skill/output/04-data-product-specification.md`;\n- `.agents/des-skill/output/05-data-source-inventory.md`;\n- `.agents/des-skill/output/06-conceptual-domain-model.md`;\n- `.agents/des-skill/output/07-architecture-decision-record.md`;\n- workflow status file;\n- P1/P2 source inventory;\n- source access status;\n- source generation patterns;\n- source update frequency and freshness;\n- source schema and drift risks;\n- source security/privacy classification;\n- source reliability, cost, quota, and rate-limit risks;\n- approved architecture layer strategy;\n- approved batch/streaming/event strategy;\n- product freshness/SLA expectations;\n- quality/trust expectations.\n\n## Actions\n\n1. Read `customize.toml`.\n2. Check whether required upstream artifacts exist.\n3. Read or summarize:\n   - Business Discovery Brief;\n   - Business Question Catalog;\n   - Requirements and KPI Catalog;\n   - Data Product Specification;\n   - Data Source Inventory;\n   - Conceptual Domain Model;\n   - Architecture Decision Record.\n4. Extract:\n   - sources required for P1/P2 outputs;\n   - source types and generation patterns;\n   - source access and permission status;\n   - source freshness and reliability expectations;\n   - source schema drift behavior;\n   - source security/privacy classification;\n   - approved architecture constraints;\n   - batch/streaming/event direction;\n   - layer strategy;\n   - environment strategy;\n   - cost/team constraints;\n   - open questions.\n5. Check whether existing `08-ingestion-specification.md` exists.\n6. Decide whether to create a new ingestion specification, update an existing one, continue as Draft, or route back to an upstream phase.\n\n## Hints\n\n- Ingestion design should be source-specific.\n- Do not design one generic ingestion pattern for all sources unless the sources truly share the same behavior.\n- Treat architecture decisions as constraints, not suggestions.\n- Treat source inventory risk ratings as input to ingestion design.\n- If source access is blocked or unknown, do not mark ingestion as ready.\n- If source freshness is best-effort, downstream SLA must account for that.\n- If source schema change behavior is unknown, schema drift must be treated as a risk.\n- If the source is manual or file-based, assess delivery reliability and naming conventions later.\n- If the source is API-based, assess authentication, pagination, rate limit, retry, and response schema later.\n- If the source is database-based, assess read impact, CDC feasibility, and extraction consistency later.\n- If the source is streaming/event-based, assess ordering, replay, retention, and delivery guarantees later.\n\n## Ingestion Readiness Lens\n\nUse this lens before designing:\n\n| Area | Readiness Question |\n| --- | --- |\n| Source | Which approved source is being ingested? |\n| Need | Which product output, requirement, or KPI needs this data? |\n| Access | Is access approved and technically possible? |\n| Pattern | Is the data batch, streaming, event, snapshot, CDC, file, API, or manual? |\n| Frequency | How often must data be ingested to satisfy downstream needs? |\n| Incremental | How will new or changed data be identified? |\n| Idempotency | Can the ingestion be safely rerun? |\n| Replay | Can historical data be replayed or backfilled? |\n| Failure | What happens when ingestion fails? |\n| Drift | What happens when source schema changes? |\n| Security | How are credentials and sensitive fields handled? |\n| Evidence | What metadata proves ingestion happened correctly? |\n\n## HALT - Readiness Check Failed\n\nStop if upstream architecture, domain, or source context is missing or too weak to design ingestion safely.\n\n### Trigger\n\nUse this HALT if:\n\n- `07-architecture-decision-record.md` is missing;\n- source inventory is missing;\n- P1 sources have unknown access status;\n- architecture layer strategy is unclear;\n- batch/streaming/event strategy is unclear;\n- source freshness or product SLA expectations conflict;\n- source security/privacy classification is unknown for P1 sources.\n\n### Decision needed\n\nHow should the agent proceed?\n\n### Options\n\nA. Route back to `des-architecture-design`  \nB. Route back to `des-data-source-assessment`  \nC. Continue Phase 8 as Draft using current context  \nD. User provides missing ingestion context now  \nE. Stop workflow  \n\n### Recommendation\n\nChoose A if architecture direction is missing.  \nChoose B if source access, source type, or source risk is missing.  \nChoose C only if the user accepts that ingestion design remains Draft.\n\n### Required response\n\nChoose A/B/C/D/E.\n\n## HALT - Source Access Status\n\nStop if a P1 source has unknown, pending, denied, or untested access.\n\n### Decision needed\n\nHow should ingestion design proceed for this source?\n\n### Options\n\nA. Continue only as Draft until access is approved and tested  \nB. Design ingestion assuming access will be approved, mark risk  \nC. Replace source or route back to source assessment  \nD. Defer this source from first release  \nE. Stop workflow until access is resolved  \n\n### Required response\n\nChoose A/B/C/D/E.\n\n## Completion Criteria\n\nThis step is complete when:\n\n- upstream artifacts are available or Draft continuation is approved;\n- P1/P2 sources are identified;\n- access status and architecture constraints are known or marked as blockers;\n- Ingestion context gaps are documented;\n- the agent knows whether to create, update, or defer the ingestion specification.\n\n## Next Step\n\nAfter completion, load only:\n\n```text\nsteps/step-02-ingestion-patterns-and-controls.md\n```\n\n# Step 02 â€” Ingestion Patterns and Controls\n\n## Goal\n\nDefine ingestion pattern, frequency, extraction method, incremental/checkpoint/idempotency logic, replay/backfill, schema drift, error handling, security, and evidence expectations for each in-scope source.\n\n## Required Inputs\n\n- Confirmed context from Step 01\n- Data Source Inventory\n- Architecture Decision Record\n- Data Product Specification\n- Requirements and KPI Catalog\n- Conceptual Domain Model\n- User answers from HALT points\n- Source documentation, samples, API docs, schemas, contracts, or owner notes if available\n\n## Actions\n\n1. Define Ingestion Scope and non-scope.\n2. Map each P1/P2 source to ingestion design.\n3. Classify data as bounded or unbounded.\n4. Choose Ingestion Pattern per source.\n5. Choose batch, streaming, event, or hybrid behavior per source.\n6. Define frequency and trigger.\n7. Define access and extraction method.\n8. Define incremental/checkpoint strategy.\n9. Define idempotency strategy.\n10. Define replay and backfill behavior.\n11. Define late-arriving data handling.\n12. Define ordering and deduplication expectations.\n13. Define payload and serialization expectations.\n14. Define schema drift/evolution policy.\n15. Define error handling, quarantine, and dead-letter expectations.\n16. Define security and credential handling.\n17. Define source impact, rate-limit, quota, and throttling strategy.\n18. Define landing target expectations at high level.\n19. Define Ingestion Metadata expectations.\n20. Use HALT checkpoints for unresolved decisions.\n\n## Hints\n\n- Full refresh is simple but can be expensive or destructive.\n- Incremental Ingestion needs a reliable change indicator.\n- CDC is powerful but requires source support, permissions, and operational care.\n- API Ingestion often needs pagination, retries, rate limits, authentication, and response schema handling.\n- File Ingestion often needs naming convention, delivery contract, encoding, format, and duplicate file handling.\n- Streaming Ingestion often needs ordering, replay, retention, delivery guarantee, buffering, and dead-letter handling.\n- Manual reference data needs owner, validation, audit trail, and change process.\n- Idempotency should be designed before implementation.\n- Replay/backfill is not the same as retry.\n- Do not choose streaming only to look modern.\n- Do not design Bronze table schema here; only state landing expectations and required metadata.\n\n## Ingestion Pattern Types\n\nUse these pattern labels:\n\n| Pattern | When It Fits |\n| --- | --- |\n| Full snapshot | Small or moderate source, no reliable incremental marker, acceptable overwrite/reload |\n| Differential batch | Source provides changed records or date-window extraction |\n| Append-only batch | Source creates immutable appended records |\n| CDC/log-based | Source supports change logs and downstream needs inserts/updates/deletes |\n| API scheduled pull | Data is fetched from API at fixed interval |\n| API polling | Data is polled for changes repeatedly |\n| Webhook/push | Source pushes events to endpoint |\n| File drop | Source delivers files to landing location |\n| Managed connector | Managed service handles extraction |\n| Stream/message ingestion | Source emits continuous events/messages |\n| Data sharing ingestion | Data is shared through platform/partner mechanism |\n| Manual/reference ingestion | Human-maintained reference data |\n| One-time migration | Historical or migration-only load |\n\n## Ingestion Control Standards\n\nEach P1 ingestion design must define:\n\n| Control | Required? |\n| --- | --- |\n| Source ID | Required |\n| Pattern | Required |\n| Frequency/trigger | Required |\n| Access method | Required |\n| Incremental/checkpoint logic | Required or marked not applicable |\n| Idempotency | Required |\n| Replay/backfill | Required |\n| Schema drift policy | Required |\n| Error handling | Required |\n| Security/credential handling | Required |\n| Metadata/evidence | Required |\n| Status | Required |\n\nAllowed statuses:\n\n```text\nDraft | Approved | Risk | Blocked | Deferred\n```\n\n## Decision Area 1 - Ingestion Pattern Selection\n\nEvaluate and approve '... 13482 more characters,
    expected: /design detailed Bronze/i,
    operator: 'match',
    diff: 'simple'
  }
